// Jest Snapshot v1, https://goo.gl/fbAQLP

exports[`Renders Calculator 1`] = `
<div
  className="cacl-section"
>
  <h1>
    Let's do some math!
  </h1>
  <div>
    <p
      className="result"
    >
      <span>
        0
      </span>
      <span />
      <span />
    </p>
    <div
      className="calculator"
    >
      <button
        className="btn"
        onClick={[Function]}
        type="button"
      >
        AC
      </button>
      <button
        className="btn"
        onClick={[Function]}
        type="button"
      >
        +/-
      </button>
      <button
        className="btn"
        onClick={[Function]}
        type="button"
      >
        %
      </button>
      <button
        className="orangeBtn"
        onClick={[Function]}
        type="button"
      >
        รท
      </button>
      <button
        className="btn"
        onClick={[Function]}
        type="button"
      >
        7
      </button>
      <button
        className="btn"
        onClick={[Function]}
        type="button"
      >
        8
      </button>
      <button
        className="btn"
        onClick={[Function]}
        type="button"
      >
        9
      </button>
      <button
        className="orangeBtn"
        onClick={[Function]}
        type="button"
      >
        x
      </button>
      <button
        className="btn"
        onClick={[Function]}
        type="button"
      >
        4
      </button>
      <button
        className="btn"
        onClick={[Function]}
        type="button"
      >
        5
      </button>
      <button
        className="btn"
        onClick={[Function]}
        type="button"
      >
        6
      </button>
      <button
        className="orangeBtn"
        onClick={[Function]}
        type="button"
      >
        -
      </button>
      <button
        className="btn"
        onClick={[Function]}
        type="button"
      >
        1
      </button>
      <button
        className="btn"
        onClick={[Function]}
        type="button"
      >
        2
      </button>
      <button
        className="btn"
        onClick={[Function]}
        type="button"
      >
        3
      </button>
      <button
        className="orangeBtn"
        onClick={[Function]}
        type="button"
      >
        +
      </button>
      <button
        className="btn-0"
        onClick={[Function]}
        type="button"
      >
        0
      </button>
      <button
        className="btn"
        onClick={[Function]}
        type="button"
      >
        .
      </button>
      <button
        className="orangeBtn"
        onClick={[Function]}
        type="button"
      >
        =
      </button>
    </div>
  </div>
</div>
`;
