// Jest Snapshot v1, https://goo.gl/fbAQLP

exports[`Renders Navbar correctly 1`] = `
<div
  className="navbar"
>
  <h1>
    Math Magicians
  </h1>
  <nav>
    <ul>
      <li>
        <a
          aria-current="page"
          className="active"
          exact={true}
          href="/"
          onClick={[Function]}
        >
          Home
        </a>
      </li>
      <li>
        <a
          className=""
          exact={true}
          href="/calculator"
          onClick={[Function]}
        >
          Calculator
        </a>
      </li>
      <li>
        <a
          className=""
          exact={true}
          href="/quote"
          onClick={[Function]}
        >
          Quote
        </a>
      </li>
    </ul>
  </nav>
</div>
`;
